<Map user="admin_aota" pc="A00603">
  <Devices>
    <Device id="1" name="UrBackup Server" type-id="Server" x="88" y="184" />
    <Device id="2" name="UrBackup Client" type-id="Workstation" x="624" y="192" />
    <Device id="4" name="Web 管理界面" type-id="HTTP" x="368" y="296" />
    <Device id="5" name="FastCGI 55413" type-id="Node" x="208" y="292" />
    <Device id="6" name="HTTP 55414" type-id="Node" x="208" y="324" />
    <Device id="7" name="SSL" type-id="Node" x="284" y="292" />
    <Device id="8" name="发现客户端" type-id="Node" x="228" y="40" />
    <Device id="9" name="备份客户端" type-id="Node" x="228" y="80" />
    <Device id="10" name="检查客户端是否在线(Ping)" type-id="Node" x="228" y="116" />
    <Device id="11" name="发送当前备份状态" type-id="Node" x="228" y="152" />
    <Device id="12" name="更新文件统计信息" type-id="Node" x="228" y="192" />
    <Device id="13" name="删除旧备份" type-id="Node" x="228" y="232" />
    <Device id="14" name="侦听服务端广播(UDP 35622)" type-id="Node" x="448" y="80" />
    <Device id="15" name="侦听接口进程/服务端命令(TCP 35623)" type-id="Node" x="448" y="116" />
    <Device id="16" name="备份目录列表 urbackup/data/filelist.ub" type-id="Node" x="448" y="160" />
    <Device id="17" name="客户端所有目录列表 urbackup/backup_client.db" type-id="Node" x="448" y="192" />
    <Device id="18" name="托盘和对话窗口" type-id="Node" x="516" y="264" />
  </Devices>
  <Lines>
    <Line nodes="228 296 272 296" arrow="right" />
    <Line nodes="228 328 340 328" arrow="right" />
    <Line nodes="300 296 340 296" arrow="right" />
    <Line nodes="268 44 424 80" arrow="right" />
    <Line nodes="420 116 272 88" arrow="right" />
    <Line nodes="480 116 560 116" />
    <Line nodes="560 116 560 256" arrow="right" />
    <Line nodes="320 28 320 260" dash="2" />
  </Lines>
  <Textes>
    <Text id="1" x="144" y="92" width="28" height="96" color="DarkGray" round="4" vertical-align="middle">
      <Description><![CDATA[[center][b][font face=宋体]核
心
进
程]]></Description>
    </Text>
    <Text id="2" x="148" y="264" width="28" height="96" color="DarkGray" style="ellipse" vertical-align="middle">
      <Description><![CDATA[[center][b][font face=宋体]接
口
进
程]]></Description>
    </Text>
    <Text id="3" x="576" y="228" width="28" height="96" color="LightGrey" style="ellipse" vertical-align="middle">
      <Description><![CDATA[[center][b][font face=宋体]接
口
进
程]]></Description>
    </Text>
    <Text id="4" x="576" y="112" width="28" height="96" color="LightGrey" round="4" vertical-align="middle">
      <Description><![CDATA[[center][b][font face=宋体]核
心
进
程]]></Description>
    </Text>
  </Textes>
  <Layers>
    <Layer id="0" name="Layer 1" />
  </Layers>
</Map>